D:\IntelliJ IDEA\Projects\paper\src\main\java\cz\vitekform\timv\listener\dead_is_silent.java
D:\IntelliJ IDEA\Projects\paper\src\main\java\cz\vitekform\timv\scoreboard\scoreboard.java
D:\IntelliJ IDEA\Projects\paper\src\main\java\cz\vitekform\timv\cmds\gimmemurder.java
D:\IntelliJ IDEA\Projects\paper\src\main\java\cz\vitekform\timv\data\PlayerUtil.java
D:\IntelliJ IDEA\Projects\paper\src\main\java\cz\vitekform\timv\data\PJoinDataCreate.java
D:\IntelliJ IDEA\Projects\paper\src\main\java\cz\vitekform\timv\cmds\gimmetoken.java
D:\IntelliJ IDEA\Projects\paper\src\main\java\cz\vitekform\timv\cmds\gamestart.java
D:\IntelliJ IDEA\Projects\paper\src\main\java\cz\vitekform\timv\listener\chest_loot.java
D:\IntelliJ IDEA\Projects\paper\src\main\java\cz\vitekform\timv\cmds\innocentwin.java
D:\IntelliJ IDEA\Projects\paper\src\main\java\cz\vitekform\timv\listener\game_end_murder.java
D:\IntelliJ IDEA\Projects\paper\src\main\java\cz\vitekform\timv\Timv.java
D:\IntelliJ IDEA\Projects\paper\src\main\java\cz\vitekform\timv\data\PData.java
D:\IntelliJ IDEA\Projects\paper\src\main\java\cz\vitekform\timv\cmds\murderwin.java
D:\IntelliJ IDEA\Projects\paper\src\main\java\cz\vitekform\timv\cmds\gimmedetective.java
D:\IntelliJ IDEA\Projects\paper\src\main\java\cz\vitekform\timv\karma\PlayerKillEvent.java
D:\IntelliJ IDEA\Projects\paper\src\main\java\cz\vitekform\timv\listener\game_end_innocent.java
